// Jest Snapshot v1, https://goo.gl/fbAQLP

exports[`Component render() should render 1`] = `
<button
  className="sc-bdVaJa dHVegr"
>
  Hello Worlds!
</button>
`;
