// Jest Snapshot v1, https://goo.gl/fbAQLP

exports[`tradie build should copy other files 1`] = `
"{
  \\"sum\\": 99
}
"
`;

exports[`tradie build should export types when there are no errors 1`] = `
"export default function (...args: number[]): number;
"
`;

exports[`tradie build should transpile source when there are no errors 1`] = `
"\\"use strict\\";

Object.defineProperty(exports, \\"__esModule\\", {
  value: true
});
exports.default = _default;

function _default(...args) {
  return args.reduce((total, arg) => total + arg, 0);
}
//# sourceMappingURL=index.js.map"
`;
