// Jest Snapshot v1, https://goo.gl/fbAQLP

exports[`tradie build should copy other files when there are no errors 1`] = `
"{
  \\"sum\\": 99
}
"
`;

exports[`tradie build should export types when there are no errors 1`] = `
"// @flow

export default function(...args: number[]) {
  return args.reduce((total, arg) => total + arg, 0);
}
"
`;

exports[`tradie build should transpile source when there are no errors 1`] = `
"\\"use strict\\";

Object.defineProperty(exports, \\"__esModule\\", {
  value: true
});

exports.default = function () {
  for (var _len = arguments.length, args = Array(_len), _key = 0; _key < _len; _key++) {
    args[_key] = arguments[_key];
  }

  return args.reduce(function (total, arg) {
    return total + arg;
  }, 0);
};"
`;
