// Jest Snapshot v1, https://goo.gl/fbAQLP

exports[`tradie test should exit with a code of 0 when there are no errors 1`] = `
Object {
  "stderr": "",
  "stdout": "sum: 1+1 = 2
",
}
`;
